        Placement Information by Vertex
        ===============================

Generated: Mo 05 Sep 2016 13:20:11 BST for target machine '192.168.240.253'

**** Vertex: 'chain_0'
Model: IFCurrExp
Pop size: 350
Machine Vertices: 
  Slice 0:254 (255 atoms) on core (0, 0, 2) 
  Slice 255:349 (95 atoms) on core (0, 0, 4) 

**** Vertex: 'chain_0_delayed'
Model: DelayExtensionVertex
Pop size: 350
Machine Vertices: 
  Slice 0:254 (255 atoms) on core (0, 0, 3) 
  Slice 255:349 (95 atoms) on core (0, 0, 5) 

**** Vertex: 'chain_1'
Model: IFCurrExp
Pop size: 350
Machine Vertices: 
  Slice 0:254 (255 atoms) on core (0, 0, 6) 
  Slice 255:349 (95 atoms) on core (0, 0, 8) 

**** Vertex: 'chain_10'
Model: IFCurrExp
Pop size: 350
Machine Vertices: 
  Slice 0:254 (255 atoms) on core (1, 1, 11) 
  Slice 255:349 (95 atoms) on core (1, 1, 13) 

**** Vertex: 'chain_10_delayed'
Model: DelayExtensionVertex
Pop size: 350
Machine Vertices: 
  Slice 0:254 (255 atoms) on core (1, 1, 12) 
  Slice 255:349 (95 atoms) on core (1, 1, 14) 

**** Vertex: 'chain_11'
Model: IFCurrExp
Pop size: 350
Machine Vertices: 
  Slice 0:254 (255 atoms) on core (1, 1, 15) 
  Slice 255:349 (95 atoms) on core (0, 1, 1) 

**** Vertex: 'chain_11_delayed'
Model: DelayExtensionVertex
Pop size: 350
Machine Vertices: 
  Slice 0:254 (255 atoms) on core (1, 1, 16) 
  Slice 255:349 (95 atoms) on core (0, 1, 2) 

**** Vertex: 'chain_12'
Model: IFCurrExp
Pop size: 350
Machine Vertices: 
  Slice 0:254 (255 atoms) on core (0, 1, 3) 
  Slice 255:349 (95 atoms) on core (0, 1, 5) 

**** Vertex: 'chain_12_delayed'
Model: DelayExtensionVertex
Pop size: 350
Machine Vertices: 
  Slice 0:254 (255 atoms) on core (0, 1, 4) 
  Slice 255:349 (95 atoms) on core (0, 1, 6) 

**** Vertex: 'chain_13'
Model: IFCurrExp
Pop size: 350
Machine Vertices: 
  Slice 0:254 (255 atoms) on core (0, 1, 7) 
  Slice 255:349 (95 atoms) on core (0, 1, 9) 

**** Vertex: 'chain_13_delayed'
Model: DelayExtensionVertex
Pop size: 350
Machine Vertices: 
  Slice 0:254 (255 atoms) on core (0, 1, 8) 
  Slice 255:349 (95 atoms) on core (0, 1, 10) 

**** Vertex: 'chain_14'
Model: IFCurrExp
Pop size: 350
Machine Vertices: 
  Slice 0:254 (255 atoms) on core (0, 1, 11) 
  Slice 255:349 (95 atoms) on core (0, 1, 13) 

**** Vertex: 'chain_14_delayed'
Model: DelayExtensionVertex
Pop size: 350
Machine Vertices: 
  Slice 0:254 (255 atoms) on core (0, 1, 12) 
  Slice 255:349 (95 atoms) on core (0, 1, 14) 

**** Vertex: 'chain_1_delayed'
Model: DelayExtensionVertex
Pop size: 350
Machine Vertices: 
  Slice 0:254 (255 atoms) on core (0, 0, 7) 
  Slice 255:349 (95 atoms) on core (0, 0, 9) 

**** Vertex: 'chain_2'
Model: IFCurrExp
Pop size: 350
Machine Vertices: 
  Slice 0:254 (255 atoms) on core (0, 0, 10) 
  Slice 255:349 (95 atoms) on core (0, 0, 12) 

**** Vertex: 'chain_2_delayed'
Model: DelayExtensionVertex
Pop size: 350
Machine Vertices: 
  Slice 0:254 (255 atoms) on core (0, 0, 11) 
  Slice 255:349 (95 atoms) on core (0, 0, 13) 

**** Vertex: 'chain_3'
Model: IFCurrExp
Pop size: 350
Machine Vertices: 
  Slice 0:254 (255 atoms) on core (0, 0, 14) 
  Slice 255:349 (95 atoms) on core (1, 0, 1) 

**** Vertex: 'chain_3_delayed'
Model: DelayExtensionVertex
Pop size: 350
Machine Vertices: 
  Slice 0:254 (255 atoms) on core (0, 0, 15) 
  Slice 255:349 (95 atoms) on core (1, 0, 2) 

**** Vertex: 'chain_4'
Model: IFCurrExp
Pop size: 350
Machine Vertices: 
  Slice 0:254 (255 atoms) on core (1, 0, 3) 
  Slice 255:349 (95 atoms) on core (1, 0, 5) 

**** Vertex: 'chain_4_delayed'
Model: DelayExtensionVertex
Pop size: 350
Machine Vertices: 
  Slice 0:254 (255 atoms) on core (1, 0, 4) 
  Slice 255:349 (95 atoms) on core (1, 0, 6) 

**** Vertex: 'chain_5'
Model: IFCurrExp
Pop size: 350
Machine Vertices: 
  Slice 0:254 (255 atoms) on core (1, 0, 7) 
  Slice 255:349 (95 atoms) on core (1, 0, 9) 

**** Vertex: 'chain_5_delayed'
Model: DelayExtensionVertex
Pop size: 350
Machine Vertices: 
  Slice 0:254 (255 atoms) on core (1, 0, 8) 
  Slice 255:349 (95 atoms) on core (1, 0, 10) 

**** Vertex: 'chain_6'
Model: IFCurrExp
Pop size: 350
Machine Vertices: 
  Slice 0:254 (255 atoms) on core (1, 0, 11) 
  Slice 255:349 (95 atoms) on core (1, 0, 13) 

**** Vertex: 'chain_6_delayed'
Model: DelayExtensionVertex
Pop size: 350
Machine Vertices: 
  Slice 0:254 (255 atoms) on core (1, 0, 12) 
  Slice 255:349 (95 atoms) on core (1, 0, 14) 

**** Vertex: 'chain_7'
Model: IFCurrExp
Pop size: 350
Machine Vertices: 
  Slice 0:254 (255 atoms) on core (1, 0, 15) 
  Slice 255:349 (95 atoms) on core (1, 1, 1) 

**** Vertex: 'chain_7_delayed'
Model: DelayExtensionVertex
Pop size: 350
Machine Vertices: 
  Slice 0:254 (255 atoms) on core (1, 0, 16) 
  Slice 255:349 (95 atoms) on core (1, 1, 2) 

**** Vertex: 'chain_8'
Model: IFCurrExp
Pop size: 350
Machine Vertices: 
  Slice 0:254 (255 atoms) on core (1, 1, 3) 
  Slice 255:349 (95 atoms) on core (1, 1, 5) 

**** Vertex: 'chain_8_delayed'
Model: DelayExtensionVertex
Pop size: 350
Machine Vertices: 
  Slice 0:254 (255 atoms) on core (1, 1, 4) 
  Slice 255:349 (95 atoms) on core (1, 1, 6) 

**** Vertex: 'chain_9'
Model: IFCurrExp
Pop size: 350
Machine Vertices: 
  Slice 0:254 (255 atoms) on core (1, 1, 7) 
  Slice 255:349 (95 atoms) on core (1, 1, 9) 

**** Vertex: 'chain_9_delayed'
Model: DelayExtensionVertex
Pop size: 350
Machine Vertices: 
  Slice 0:254 (255 atoms) on core (1, 1, 8) 
  Slice 255:349 (95 atoms) on core (1, 1, 10) 

**** Vertex: 'stimulus'
Model: SpikeSourceArray
Pop size: 1
Machine Vertices: 
  Slice 0:0 (1 atoms) on core (0, 0, 1) 

