Vertex: Population 34:0:39 
edge:Population 34:0:39:Population 1:0:39, keys_and_masks:[KeyAndMask:0x740L:0xffffffc0] 


Vertex: Population 33:0:39 
edge:Population 33:0:39:Population 0:0:39, keys_and_masks:[KeyAndMask:0x0L:0xffffffc0] 


Vertex: Population 43:0:39 
edge:Population 43:0:39:Population 0:0:39, keys_and_masks:[KeyAndMask:0xcc0L:0xffffffc0] 


Vertex: Population 45:0:39 
edge:Population 45:0:39:Population 0:0:39, keys_and_masks:[KeyAndMask:0x100L:0xffffffc0] 


Vertex: Population 6:0:39 
edge:Population 6:0:39:Population 0:0:39, keys_and_masks:[KeyAndMask:0x500L:0xffffffc0] 


Vertex: Population 9:0:39 
edge:Population 9:0:39:Population 0:0:39, keys_and_masks:[KeyAndMask:0x680L:0xffffffc0] 


Vertex: Population 0:0:39 
edge:Population 0:0:39:Population 1:0:39, keys_and_masks:[KeyAndMask:0x7c0L:0xffffffc0] 


Vertex: Population 37:0:39 
edge:Population 37:0:39:Population 0:0:39, keys_and_masks:[KeyAndMask:0x940L:0xffffffc0] 


Vertex: Population 28:0:39 
edge:Population 28:0:39:Population 1:0:39, keys_and_masks:[KeyAndMask:0x440L:0xffffffc0] 


Vertex: Population 18:0:39 
edge:Population 18:0:39:Population 1:0:39, keys_and_masks:[KeyAndMask:0xbc0L:0xffffffc0] 


Vertex: Population 39:0:39 
edge:Population 39:0:39:Population 0:0:39, keys_and_masks:[KeyAndMask:0xa80L:0xffffffc0] 


Vertex: Population 12:0:39 
edge:Population 12:0:39:Population 1:0:39, keys_and_masks:[KeyAndMask:0x840L:0xffffffc0] 


Vertex: Population 38:0:39 
edge:Population 38:0:39:Population 1:0:39, keys_and_masks:[KeyAndMask:0x9c0L:0xffffffc0] 


Vertex: Population 30:0:39 
edge:Population 30:0:39:Population 1:0:39, keys_and_masks:[KeyAndMask:0x540L:0xffffffc0] 


Vertex: Population 2:0:39 
edge:Population 2:0:39:Population 0:0:39, keys_and_masks:[KeyAndMask:0xc00L:0xffffffc0] 


Vertex: Population 15:0:39 
edge:Population 15:0:39:Population 0:0:39, keys_and_masks:[KeyAndMask:0xa00L:0xffffffc0] 


Vertex: Population 42:0:39 
edge:Population 42:0:39:Population 1:0:39, keys_and_masks:[KeyAndMask:0xc40L:0xffffffc0] 


Vertex: Population 50:0:39 
edge:Population 50:0:39:Population 0:0:39, keys_and_masks:[KeyAndMask:0xa40L:0xffffffc0] 


Vertex: Population 51:0:39 
edge:Population 51:0:39:Population 0:0:39, keys_and_masks:[KeyAndMask:0x40L:0xffffffc0] 


Vertex: Population 35:0:39 
edge:Population 35:0:39:Population 0:0:39, keys_and_masks:[KeyAndMask:0x800L:0xffffffc0] 


Vertex: Population 44:0:39 
edge:Population 44:0:39:Population 1:0:39, keys_and_masks:[KeyAndMask:0x80L:0xffffffc0] 


Vertex: Population 46:0:39 
edge:Population 46:0:39:Population 1:0:39, keys_and_masks:[KeyAndMask:0x180L:0xffffffc0] 


Vertex: Population 20:0:39 
edge:Population 20:0:39:Population 1:0:39, keys_and_masks:[KeyAndMask:0xd00L:0xffffffc0] 


Vertex: Population 14:0:39 
edge:Population 14:0:39:Population 1:0:39, keys_and_masks:[KeyAndMask:0x980L:0xffffffc0] 


Vertex: Population 48:0:39 
edge:Population 48:0:39:Population 0:0:39, keys_and_masks:[KeyAndMask:0x2c0L:0xffffffc0] 


Vertex: Population 49:0:39 
edge:Population 49:0:39:Population 0:0:39, keys_and_masks:[KeyAndMask:0x340L:0xffffffc0] 


Vertex: Population 41:0:39 
edge:Population 41:0:39:Population 0:0:39, keys_and_masks:[KeyAndMask:0xb80L:0xffffffc0] 


Vertex: Population 29:0:39 
edge:Population 29:0:39:Population 0:0:39, keys_and_masks:[KeyAndMask:0x4c0L:0xffffffc0] 


Vertex: Population 23:0:39 
edge:Population 23:0:39:Population 0:0:39, keys_and_masks:[KeyAndMask:0x140L:0xffffffc0] 


Vertex: expoisson:0:39 
edge:expoisson:0:39:Population 1:0:39, keys_and_masks:[KeyAndMask:0x6c0L:0xffffffc0] 


Vertex: Population 17:0:39 
edge:Population 17:0:39:Population 0:0:39, keys_and_masks:[KeyAndMask:0xb40L:0xffffffc0] 


Vertex: Population 19:0:39 
edge:Population 19:0:39:Population 0:0:39, keys_and_masks:[KeyAndMask:0xc80L:0xffffffc0] 


Vertex: Population 40:0:39 
edge:Population 40:0:39:Population 1:0:39, keys_and_masks:[KeyAndMask:0xb00L:0xffffffc0] 


Vertex: Population 13:0:39 
edge:Population 13:0:39:Population 0:0:39, keys_and_masks:[KeyAndMask:0x900L:0xffffffc0] 


Vertex: Population 3:0:39 
edge:Population 3:0:39:Population 0:0:39, keys_and_masks:[KeyAndMask:0x880L:0xffffffc0] 


Vertex: Population 31:0:39 
edge:Population 31:0:39:Population 0:0:39, keys_and_masks:[KeyAndMask:0x5c0L:0xffffffc0] 


Vertex: Population 22:0:39 
edge:Population 22:0:39:Population 1:0:39, keys_and_masks:[KeyAndMask:0xc0L:0xffffffc0] 


Vertex: Population 5:0:39 
edge:Population 5:0:39:Population 0:0:39, keys_and_masks:[KeyAndMask:0x480L:0xffffffc0] 


Vertex: Population 16:0:39 
edge:Population 16:0:39:Population 1:0:39, keys_and_masks:[KeyAndMask:0xac0L:0xffffffc0] 


Vertex: Population 47:0:39 
edge:Population 47:0:39:Population 0:0:39, keys_and_masks:[KeyAndMask:0x240L:0xffffffc0] 


Vertex: Population 25:0:39 
edge:Population 25:0:39:Population 0:0:39, keys_and_masks:[KeyAndMask:0x280L:0xffffffc0] 


Vertex: Population 8:0:39 
edge:Population 8:0:39:Population 1:0:39, keys_and_masks:[KeyAndMask:0x600L:0xffffffc0] 


Vertex: Population 27:0:39 
edge:Population 27:0:39:Population 0:0:39, keys_and_masks:[KeyAndMask:0x380L:0xffffffc0] 


Vertex: Population 4:0:39 
edge:Population 4:0:39:Population 0:0:39, keys_and_masks:[KeyAndMask:0x3c0L:0xffffffc0] 


Vertex: Population 36:0:39 
edge:Population 36:0:39:Population 1:0:39, keys_and_masks:[KeyAndMask:0x8c0L:0xffffffc0] 


Vertex: expoisson:0:39 
edge:expoisson:0:39:Population 0:0:39, keys_and_masks:[KeyAndMask:0x400L:0xffffffc0] 


Vertex: Population 11:0:39 
edge:Population 11:0:39:Population 0:0:39, keys_and_masks:[KeyAndMask:0x780L:0xffffffc0] 


Vertex: Population 7:0:39 
edge:Population 7:0:39:Population 0:0:39, keys_and_masks:[KeyAndMask:0x580L:0xffffffc0] 


Vertex: Population 26:0:39 
edge:Population 26:0:39:Population 1:0:39, keys_and_masks:[KeyAndMask:0x300L:0xffffffc0] 


Vertex: Population 21:0:39 
edge:Population 21:0:39:Population 0:0:39, keys_and_masks:[KeyAndMask:0x1c0L:0xffffffc0] 


Vertex: Population 10:0:39 
edge:Population 10:0:39:Population 1:0:39, keys_and_masks:[KeyAndMask:0x700L:0xffffffc0] 


Vertex: Population 24:0:39 
edge:Population 24:0:39:Population 1:0:39, keys_and_masks:[KeyAndMask:0x200L:0xffffffc0] 


Vertex: Population 32:0:39 
edge:Population 32:0:39:Population 1:0:39, keys_and_masks:[KeyAndMask:0x640L:0xffffffc0] 


