        Network Specification
 =====================

Generated: Fri Sep  9 09:19:52 2016 for target machine '192.168.240.253'

*** Vertices:
Vertex synchain1, size: 100
Model: IFCurrExp
constraint: PartitionerMaximumSizeConstraint(size=255)

Vertex synchain2, size: 100
Model: IFCurrExp
constraint: PartitionerMaximumSizeConstraint(size=255)

Vertex spike_injector, size: 100
Model: SpikeInjector
constraint: PartitionerMaximumSizeConstraint(size=9223372036854775807)

Vertex LiveSpikeReceiver, size: 1
Model: LivePacketGather
constraint: PartitionerMaximumSizeConstraint(size=1)
constraint: PlacerRadialPlacementFromChipConstraint(x=0, y=0)

Vertex LiveSpikeReceiver, size: 1
Model: LivePacketGather
constraint: PlacerRadialPlacementFromChipConstraint(x=0, y=0)
constraint: PartitionerMaximumSizeConstraint(size=1)

*** Edges:
Edge Projection 3 from vertex: 'synchain2' (100 atoms) to vertex: 'synchain2' (100 atoms)
  Model: No Model

Edge recorder_edge from vertex: 'synchain2' (100 atoms) to vertex: 'LiveSpikeReceiver' (1 atoms)
  Model: No Model

Edge recorder_edge from vertex: 'synchain2' (100 atoms) to vertex: 'LiveSpikeReceiver' (1 atoms)
  Model: No Model

Edge Projection 2 from vertex: 'synchain1' (100 atoms) to vertex: 'synchain1' (100 atoms)
  Model: No Model

Edge recorder_edge from vertex: 'synchain1' (100 atoms) to vertex: 'LiveSpikeReceiver' (1 atoms)
  Model: No Model

Edge recorder_edge from vertex: 'synchain1' (100 atoms) to vertex: 'LiveSpikeReceiver' (1 atoms)
  Model: No Model

Edge Projection 0 from vertex: 'spike_injector' (100 atoms) to vertex: 'synchain1' (100 atoms)
  Model: No Model

Edge Projection 1 from vertex: 'spike_injector' (100 atoms) to vertex: 'synchain2' (100 atoms)
  Model: No Model

